../Drivers/CMSIS/Include/core_cm7.h:2606:26:ITM_SendChar	16	static,ignoring_inline_asm
../Core/Src/main.c:87:5:_write	32	static
../Core/Src/main.c:108:5:main	592	static
../Core/Src/main.c:217:6:SystemClock_Config	88	static
../Core/Src/main.c:275:13:MX_ADC1_Init	24	static
../Core/Src/main.c:327:13:MX_ETH_Init	8	static
../Core/Src/main.c:376:13:MX_USART3_UART_Init	8	static
../Core/Src/main.c:411:13:MX_USB_OTG_FS_PCD_Init	8	static
../Core/Src/main.c:446:13:MX_GPIO_Init	56	static
../Core/Src/main.c:504:6:Error_Handler	4	static,ignoring_inline_asm
