../Drivers/CMSIS/Include/core_cm4.h:2064:26:ITM_SendChar	16	static,ignoring_inline_asm
../Core/Src/main.c:73:6:SemaphoreInit	8	static
../Core/Src/main.c:82:5:_write	32	static
../Core/Src/main.c:100:5:main	8	static
../Core/Src/main.c:181:6:SystemClock_Config	88	static
../Core/Src/main.c:228:13:MX_ADC1_Init	24	static
../Core/Src/main.c:280:13:MX_USART2_UART_Init	8	static
../Core/Src/main.c:313:13:MX_USART6_UART_Init	8	static
../Core/Src/main.c:346:13:MX_GPIO_Init	48	static
../Core/Src/main.c:380:13:MX_NVIC_Init	8	static
../Core/Src/main.c:399:6:Error_Handler	4	static,ignoring_inline_asm
