../Drivers/CMSIS/Include/core_cm4.h:2064:26:ITM_SendChar	16	static,ignoring_inline_asm
../Core/Src/main.c:72:5:_write	32	static
../Core/Src/main.c:90:5:main	8	static
../Core/Src/main.c:179:10:SemaphoreInit	8	static
../Core/Src/main.c:196:6:SystemClock_Config	88	static
../Core/Src/main.c:243:13:MX_ADC1_Init	24	static
../Core/Src/main.c:295:13:MX_USART6_UART_Init	8	static
../Core/Src/main.c:328:13:MX_GPIO_Init	48	static
../Core/Src/main.c:379:6:StartDefaultTask	16	static
../Core/Src/main.c:397:6:MotorTask	16	static
../Core/Src/main.c:412:6:Error_Handler	4	static,ignoring_inline_asm
